// Jest Snapshot v1, https://goo.gl/fbAQLP

exports[`SkipConditionEditor should render 1`] = `
<styled.div
  data-test="skip-condition"
>
  <styled.div>
    <styled.span>
      <Styled(Label)
        inline={true}
      >
        Skip this question
      </Styled(Label)>
      <Tooltip
        content="Delete rule"
        offset={
          {
            "bottom": 10,
            "top": 0,
          }
        }
        place="top"
      >
        <DeleteButton
          aria-label="Delete routing rule"
          color="white"
          data-test="btn-delete-routing-rule"
          onClick={[MockFunction]}
          size="medium"
          type="button"
        />
      </Tooltip>
    </styled.span>
  </styled.div>
  <styled.div>
    <TransitionGroup
      childFactory={[Function]}
      component="div"
    />
  </styled.div>
</styled.div>
`;
