// Jest Snapshot v1, https://goo.gl/fbAQLP

exports[`Content Wrapper should wrap the tab content with a column, transition and close button 1`] = `
<styled.div
  cols={9}
  gutters={false}
>
  <styled.div>
    <styled.div>
      <styled.div>
        <TransitionGroup
          childFactory={[Function]}
          component={
            {
              "$$typeof": Symbol(react.forward_ref),
              "attrs": [],
              "componentStyle": e {
                "baseHash": -1106060427,
                "baseStyle": undefined,
                "componentId": "sc-jSMfEi",
                "isStatic": false,
                "rules": [
                  "
  flex: 1 1 auto;
  display: flex;
",
                ],
                "staticRulesId": "",
              },
              "foldedComponentIds": [],
              "render": [Function],
              "shouldForwardProp": undefined,
              "styledComponentId": "sc-jSMfEi",
              "target": "div",
              "toString": [Function],
              "warnTooManyClasses": [Function],
              "withComponent": [Function],
            }
          }
        >
          <Styled(CSSTransition)
            appear={true}
            enter={true}
            exit={false}
            in={false}
            timeout={250}
          >
            <h1>
              hello
            </h1>
          </Styled(CSSTransition)>
        </TransitionGroup>
      </styled.div>
    </styled.div>
    <styled.div>
      <styled.button
        data-test="btn-done"
        onClick={[Function]}
        type="button"
        variant="primary"
      >
        Done
      </styled.button>
    </styled.div>
  </styled.div>
</styled.div>
`;
