// Jest Snapshot v1, https://goo.gl/fbAQLP

exports[`Tab List should render the sidebar with title and children 1`] = `
<styled.div
  cols={3}
  gutters={false}
>
  <styled.div>
    <styled.div>
      <styled.h2
        data-test="sidebar-title"
      >
        hello world
      </styled.h2>
    </styled.div>
    <styled.ul>
      <h1>
        hello
      </h1>
    </styled.ul>
  </styled.div>
</styled.div>
`;
