// Jest Snapshot v1, https://goo.gl/fbAQLP

exports[`CollapsibleEditor should render 1`] = `
<styled.div
  data-test="collapsible-editor"
  id="1"
>
  <styled.div>
    <MoveButton
      color="secondary"
      data-test="move-up-btn"
      disabled={true}
      onClick={[MockFunction]}
    >
      <Component />
    </MoveButton>
    <MoveButton
      color="secondary"
      data-test="move-down-btn"
      disabled={true}
      onClick={[MockFunction]}
    >
      <Component />
    </MoveButton>
    <Styled(DeleteButton)
      data-test="delete-collapsible-btn"
      disabled={false}
      onClick={[Function]}
    />
  </styled.div>
  <Field
    disabled={false}
    last={false}
  >
    <Label
      bold={true}
      htmlFor="details-title-1"
    >
      Title
    </Label>
    <withChangeHandler(undefined)
      bold={true}
      data-test="txt-collapsible-title"
      id="details-title-1"
      name="title"
      onBlur={[MockFunction]}
      onChange={[MockFunction]}
      value="title"
    />
  </Field>
  <RichTextEditor
    autoFocus={false}
    controls={
      {
        "bold": true,
        "emphasis": true,
        "link": true,
        "list": true,
        "piping": true,
      }
    }
    disabled={false}
    id="details-description-1"
    label="Description"
    maxHeight={12}
    multiline={true}
    name="description"
    onUpdate={[MockFunction]}
    placeholder=""
    testSelector="txt-collapsible-description"
    value="description"
  />
</styled.div>
`;
