// Jest Snapshot v1, https://goo.gl/fbAQLP

exports[`components/components-original/RoutingRuleDestinationSelector should render 1`] = `
<Fragment>
  <styled.div
    key="test-select"
  >
    <styled.div
      align="center"
      fillHeight={true}
      horizontalAlign="start"
    >
      <styled.div
        cols={5}
        gutters={false}
      >
        <styled.label
          disabled={false}
          htmlFor="test-select"
        >
          Test
           
          <styled.span>
            Go to: 
          </styled.span>
        </styled.label>
      </styled.div>
      <styled.div
        cols={7}
        gutters={false}
      >
        <RoutingDestinationContentPicker
          data-test="routing-destination-content-picker"
          disabled={false}
          hasError={false}
          id="test-select"
          onSubmit={[Function]}
          pageId="1"
          selected={
            {
              "logicalDestination": {
                "destinationType": "NextPage",
              },
            }
          }
        />
      </styled.div>
    </styled.div>
  </styled.div>
</Fragment>
`;
