// Jest Snapshot v1, https://goo.gl/fbAQLP

exports[`Duration Validation should render 1`] = `
<div>
  <styled.div
    align="top"
    fillHeight={true}
    horizontalAlign="start"
  >
    <Styled(styled.div)
      cols={3}
    >
      <styled.p>
        Some date
         is
      </styled.p>
    </Styled(styled.div)>
    <styled.div
      cols={9}
    >
      <Duration
        duration={
          {
            "unit": "Months",
            "value": null,
          }
        }
        hasError={
          {
            "errorCode": "ERR_NO_VALUE",
            "field": "minDuration",
            "id": "0efd3ed1-8e0d-4b0c-9e39-59010751dbdf",
            "type": "validation",
          }
        }
        name="duration"
        onChange={[MockFunction]}
        onUpdate={[MockFunction]}
        units={
          [
            "Days",
            "Months",
            "Years",
          ]
        }
      />
    </styled.div>
  </styled.div>
  <styled.div
    align="top"
    fillHeight={true}
    horizontalAlign="start"
  >
    <styled.div
      cols={3}
    />
    <styled.div
      cols={9}
    >
      <Styled(ValidationError)>
        Value is required
      </Styled(ValidationError)>
    </styled.div>
  </styled.div>
</div>
`;
