// Jest Snapshot v1, https://goo.gl/fbAQLP

exports[`FieldWithInclude should render 1`] = `
<Fragment>
  <styled.span>
    <Label
      bold={true}
      hidden={true}
    >
      Value
    </Label>
  </styled.span>
  <div>
    Children
  </div>
  <Styled(Field)>
    <ToggleSwitch
      checked={false}
      hideLabels={true}
      id="1"
      name="name"
      onChange={[MockFunction]}
    />
    <Label
      bold={true}
      htmlFor="1"
      inline={true}
    >
      Include this number
    </Label>
  </Styled(Field)>
</Fragment>
`;
