// Jest Snapshot v1, https://goo.gl/fbAQLP

exports[`components/MoveModal should render 1`] = `
<Styled(Modal)
  data={
    {
      "test": "move-modal",
    }
  }
  isOpen={true}
  onClose={[MockFunction]}
>
  <styled.header>
    <styled.div>
      <Styled(styled.h2)>
        Modal title
      </Styled(styled.h2)>
    </styled.div>
  </styled.header>
  <p>
    Modal content
  </p>
</Styled(Modal)>
`;
