// Jest Snapshot v1, https://goo.gl/fbAQLP

exports[`ConfirmationOption should render 1`] = `
<styled.div
  duration={200}
>
  <div>
    <styled.div>
      <styled.div
        type="Radio"
      />
      <Styled(Field)>
        <Label
          bold={true}
          htmlFor="option-label-option"
        >
          Option label
        </Label>
        <withChangeHandler(undefined)
          bold={true}
          data-test="option-option-label"
          id="option-label-option"
          name="option.label"
          onBlur={[MockFunction]}
          onChange={[MockFunction]}
          placeholder=""
          value="label"
        />
      </Styled(Field)>
    </styled.div>
    <Styled(Field)>
      <Label
        bold={true}
        htmlFor="option-description-option"
      >
        Description (optional)
      </Label>
      <withChangeHandler(undefined)
        data-test="option-option-description"
        id="option-description-option"
        name="option.description"
        onBlur={[MockFunction]}
        onChange={[MockFunction]}
        value="description"
      />
    </Styled(Field)>
  </div>
</styled.div>
`;
