// Jest Snapshot v1, https://goo.gl/fbAQLP

exports[`components/IconGrid should render 1`] = `
<styled.button
  onClick={
    [MockFunction] {
      "calls": [
        [],
      ],
      "results": [
        {
          "type": "return",
          "value": undefined,
        },
      ],
    }
  }
  role="menuitem"
  title="Checkbox"
  type="button"
>
  <img
    alt="Checkbox"
    src="checkbox.svg"
  />
  <styled.h3
    aria-hidden={false}
  >
    Checkbox
  </styled.h3>
</styled.button>
`;
