// Jest Snapshot v1, https://goo.gl/fbAQLP

exports[`DisplayConditionEditor should render 1`] = `
<div
  data-test="display-condition"
>
  <styled.div>
    <Label
      bold={true}
      inline={true}
    >
      Display this section
    </Label>
    <Styled(styled.button)
      data-test="btn-remove-display-conditions"
      onClick={[Function]}
      type="button"
      variant="primary"
    >
      Remove logic rule
    </Styled(styled.button)>
  </styled.div>
  <styled.div>
    <TransitionGroup
      childFactory={[Function]}
      component="div"
    />
  </styled.div>
</div>
`;
