// Jest Snapshot v1, https://goo.gl/fbAQLP

exports[`components/RichTextEditor/Toolbar should render 1`] = `
<styled.div
  visible={true}
>
  <styled.div>
    <ToolbarButton
      canFocus={true}
      disabled={true}
      key="Heading"
      onClick={[Function]}
      title="Heading"
    >
      <Component />
    </ToolbarButton>
    <ToolbarButton
      canFocus={true}
      disabled={true}
      key="Bold"
      onClick={[Function]}
      title="Bold"
    >
      <Component />
    </ToolbarButton>
    <ToolbarButton
      canFocus={true}
      disabled={true}
      key="Highlight"
      onClick={[Function]}
      title="Highlight"
    >
      <Component />
    </ToolbarButton>
    <styled.div />
    <ToolbarButton
      canFocus={true}
      disabled={true}
      key="List"
      onClick={[Function]}
      title="List"
    >
      <Component />
    </ToolbarButton>
    <styled.div />
    <LinkToolbarButton
      canFocus={true}
      disabled={true}
      onLinkChosen={[MockFunction]}
    />
  </styled.div>
</styled.div>
`;
