// Jest Snapshot v1, https://goo.gl/fbAQLP

exports[`Editor Layout should render 1`] = `
<GetContext
  title={[Function]}
>
  <styled.div>
    <Component>
      <withRouter(UnwrappedTabs)
        design={true}
        preview={false}
        unreadComment={false}
      />
    </Component>
    <ScrollPane
      scrollToTop={true}
    >
      <Styled(styled.div)
        align="top"
        fillHeight={true}
        horizontalAlign="start"
        page={
          {
            "answers": [],
            "displayName": "Foo",
            "id": "1",
          }
        }
        routing={true}
      >
        <Styled(styled.div)
          className="keyNav"
          cols={9}
          gutters={false}
          tabIndex="-1"
        >
          <styled.div>
            <styled.main
              maxWidth="70em"
            >
              Content
            </styled.main>
          </styled.div>
        </Styled(styled.div)>
        <styled.div
          cols={3}
          gutters={false}
        >
          <styled.div
            data-test="right-hand-panel"
          />
        </styled.div>
      </Styled(styled.div)>
    </ScrollPane>
  </styled.div>
</GetContext>
`;
