// Jest Snapshot v1, https://goo.gl/fbAQLP

exports[`DateRangeAnswer should render 1`] = `
<div>
  <DateAnswer
    answer={
      {
        "label": "from",
        "properties": {
          "format": "dd/mm/yyyy",
        },
      }
    }
  />
  <DateAnswer
    answer={
      {
        "label": "to",
        "properties": {
          "format": "dd/mm/yyyy",
        },
      }
    }
  />
</div>
`;
