// Jest Snapshot v1, https://goo.gl/fbAQLP

exports[`QuestionProperties should render 1`] = `
<Collapsible
  className="additionalContentCollapsible"
  title="Additional content"
  variant="content"
  withoutHideThis={true}
>
  <Property
    data-test="descriptionEnabled"
    id="descriptionEnabled"
    onChange={[Function]}
  >
    <Label
      bold={true}
    >
      Question description
    </Label>
  </Property>
  <styled.p>
    The description is used to provide added context to the question.
  </styled.p>
  <withChangeUpdate(undefined)
    onChange={[MockFunction]}
    onUpdate={[MockFunction]}
    option="description"
    page={
      {
        "id": "1",
      }
    }
  />
  <styled.hr />
  <Property
    data-test="definitionEnabled"
    id="definitionEnabled"
    onChange={[Function]}
  >
    <Label
      bold={true}
    >
      Question definition
    </Label>
  </Property>
  <styled.p>
    Only to be used to define word(s) or acronym(s) within the question.
  </styled.p>
  <withChangeUpdate(undefined)
    onChange={[MockFunction]}
    onUpdate={[MockFunction]}
    option="definition"
    page={
      {
        "id": "1",
      }
    }
  />
  <styled.hr />
  <Property
    data-test="guidanceEnabled"
    id="guidanceEnabled"
    onChange={[Function]}
  >
    <Label
      bold={true}
    >
      Include/exclude
    </Label>
  </Property>
  <styled.p>
    Only to be used to state what should be included or excluded from the answer.
  </styled.p>
  <withChangeUpdate(undefined)
    onChange={[MockFunction]}
    onUpdate={[MockFunction]}
    option="guidance"
    page={
      {
        "id": "1",
      }
    }
  />
  <styled.hr />
  <Property
    data-test="additionalInfoEnabled"
    id="additionalInfoEnabled"
    onChange={[Function]}
  >
    <Label
      bold={true}
    >
      Additional information
    </Label>
  </Property>
  <styled.p>
    Information regarding why we are asking this question.
  </styled.p>
  <withChangeUpdate(undefined)
    onChange={[MockFunction]}
    onUpdate={[MockFunction]}
    option="additionalInfo"
    page={
      {
        "id": "1",
      }
    }
  />
</Collapsible>
`;
