// Jest Snapshot v1, https://goo.gl/fbAQLP

exports[`PageTitle should render 1`] = `
<styled.h1
  data-test="page-title"
>
  <div
    dangerouslySetInnerHTML={
      {
        "__html": "foobar",
      }
    }
  />
</styled.h1>
`;

exports[`PageTitle should render a warning there is no title 1`] = `
<styled.h1
  data-test="page-title"
>
  <styled.div
    data-test="no-title"
    large={true}
    margin={true}
  >
    Missing Page Title
  </styled.div>
</styled.h1>
`;
